INFO Selected: Output dir: epang_attempt1/
INFO Selected: Query file: query.fasta
INFO Selected: Tree file: reference.fasta.treefile
INFO Selected: Reference MSA: reference.ids.fasta
INFO Selected: Automatic switching of use of per rate scalers
INFO Selected: Preserving the root of the input tree
INFO Selected: Disabling the prescoring heuristics.
INFO Selected: Specified model: TN93ef
INFO     ______ ____   ___           _   __ ______
        / ____// __ \ /   |         / | / // ____/
       / __/  / /_/ // /| | ______ /  |/ // / __  
      / /___ / ____// ___ |/_____// /|  // /_/ /  
     /_____//_/    /_/  |_|      /_/ |_/ \____/ (v0.3.8)
INFO Using model parameters:
INFO    Rate heterogeneity: NONE
        Base frequencies (model): 0.25 0.25 0.25 0.25 
        Substitution rates (ML): 0.5 0.5 0.5 0.5 0.5 1
INFO Output file: epang_attempt1/epa_result.jplace
INFO 29 Sequences done!
INFO Time spent placing: 0s
INFO Elapsed Time: 0s
